dev:work